// Jest Snapshot v1, https://goo.gl/fbAQLP

exports[`Header expect to render Header component 1`] = `
<h1
  class="f1"
>
  RoboFriends
</h1>
`;
